E:\BUAA\paper_composition\JSP_QSWAP\improvement\code\jsp_qiskit_hardware\qjsp_hardware.py:167: DeprecationWarning: The property ``qiskit.circuit.quantumcircuit.QuantumCircuit.duration`` is deprecated as of Qiskit 1.3.0. It will be removed in Qiskit 3.0.0.
  if isa.duration is not None and backend.dt:
E:\BUAA\paper_composition\JSP_QSWAP\improvement\code\jsp_qiskit_hardware\qjsp_hardware.py:168: DeprecationWarning: The property ``qiskit.circuit.quantumcircuit.QuantumCircuit.duration`` is deprecated as of Qiskit 1.3.0. It will be removed in Qiskit 3.0.0.
  duration_s = isa.duration * backend.dt
{
  "backend": "ibm_fez",
  "transpiled": {
    "depth": 19,
    "gate_counts": {
      "delay": 157,
      "rz": 15,
      "sx": 8,
      "barrier": 3,
      "cz": 2,
      "measure": 2
    },
    "two_qubit_gates": 2,
    "scheduled_duration_seconds": 1.94e-06
  }
}
E:\BUAA\paper_composition\JSP_QSWAP\improvement\code\jsp_qiskit_hardware\qjsp_hardware.py:176: DeprecationWarning: The SamplerV2 class is deprecated as of qiskit-ibm-runtime 0.50.0 and will be removed no sooner than 3 months after the release date. `qiskit_ibm_runtime.executor_sampler.Sampler` provides a new Sampler implementation that runs all the pre- and post-processing in the client side. The top-level `qiskit_ibm_runtime.Sampler` import will be updated to point to the client-side sampler in an upcoming release, with the legacy Sampler being available until the deprecation is completed.
  sampler = Sampler(mode=backend)
Job ID: dau6f5rg95ks73ehra7g
{
  "instance": {
    "name": "demo_2x2_seed7",
    "durations": [
      [
        9,
        6
      ],
      [
        7,
        9
      ]
    ],
    "machines_1_based": [
      [
        2,
        1
      ],
      [
        1,
        2
      ]
    ]
  },
  "tau": 20.0,
  "layers": 1,
  "s_final": 0.95,
  "shots": 1024,
  "cost_offset_LB": 18,
  "enumerated_optimum_diagnostic": 18,
  "cost_table_numpy_index_order": [
    31,
    32,
    18,
    31
  ],
  "ideal_probabilities_numpy_index_order": [
    0.28000970789246715,
    0.02107582346706408,
    0.4189047607480017,
    0.28000970789246715
  ],
  "ideal_p_optimal": 0.4189047607480017,
  "ideal_p_feasible": 0.9789241765329361,
  "circuit": {
    "qubits": 2,
    "depth": 4,
    "gate_counts": {
      "h": 2,
      "barrier": 2,
      "rz": 2,
      "rx": 2,
      "rzz": 1
    }
  },
  "statevector_vs_numpy_max_prob_diff": 1.6653345369377348e-16,
  "backend": "ibm_fez",
  "transpiled": {
    "depth": 19,
    "gate_counts": {
      "delay": 157,
      "rz": 15,
      "sx": 8,
      "barrier": 3,
      "cz": 2,
      "measure": 2
    },
    "two_qubit_gates": 2,
    "scheduled_duration_seconds": 1.94e-06
  },
  "job_id": "dau6f5rg95ks73ehra7g",
  "hardware": {
    "counts": {
      "11": 358,
      "01": 370,
      "00": 254,
      "10": 42
    },
    "tv_distance_vs_ideal": 0.08953946864046881,
    "shots": 1024,
    "outcomes": [
      {
        "bitstring": "00",
        "shots": 254,
        "frequency": 0.248046875,
        "numpy_basis_index": 0,
        "orders_zero_based": [
          [
            1,
            2
          ],
          [
            0,
            3
          ]
        ],
        "cost": 31,
        "feasible": true
      },
      {
        "bitstring": "01",
        "shots": 370,
        "frequency": 0.361328125,
        "numpy_basis_index": 2,
        "orders_zero_based": [
          [
            2,
            1
          ],
          [
            0,
            3
          ]
        ],
        "cost": 18,
        "feasible": true
      },
      {
        "bitstring": "10",
        "shots": 42,
        "frequency": 0.041015625,
        "numpy_basis_index": 1,
        "orders_zero_based": [
          [
            1,
            2
          ],
          [
            3,
            0
          ]
        ],
        "cost": 32,
        "feasible": false
      },
      {
        "bitstring": "11",
        "shots": 358,
        "frequency": 0.349609375,
        "numpy_basis_index": 3,
        "orders_zero_based": [
          [
            2,
            1
          ],
          [
            3,
            0
          ]
        ],
        "cost": 31,
        "feasible": true
      }
    ],
    "p_feasible": 0.958984375,
    "p_optimal": 0.361328125,
    "best_measured_cost": 18
  },
  "limitations": [
    "Few-layer circuit: validates the hardware implementation, does not reproduce the 2000-layer classical solution quality.",
    "Every hardware shot reprepares and re-evolves the state; unlike the CPU sampler."
  ]
}
