initial 3711
best 3703 iteration 2 seconds 0.00543097
best 3690 iteration 3 seconds 0.00564289
best 3686 iteration 4 seconds 0.00575827
best 3685 iteration 6 seconds 0.00595232
best 3676 iteration 7 seconds 0.00605189
best 3670 iteration 8 seconds 0.00611837
best 3667 iteration 9 seconds 0.00621195
best 3666 iteration 11 seconds 0.00636383
best 3662 iteration 12 seconds 0.00644951
best 3661 iteration 13 seconds 0.00654517
best 3640 iteration 14 seconds 0.00662666
best 3639 iteration 15 seconds 0.00668651
best 3634 iteration 16 seconds 0.00679309
best 3630 iteration 17 seconds 0.00695586
best 3627 iteration 22 seconds 0.00764941
best 3622 iteration 23 seconds 0.00773323
best 3620 iteration 24 seconds 0.00782317
best 3619 iteration 27 seconds 0.00800849
best 3614 iteration 28 seconds 0.0080746
best 3611 iteration 29 seconds 0.00813182
best 3610 iteration 30 seconds 0.00822203
best 3608 iteration 32 seconds 0.00835896
best 3589 iteration 35 seconds 0.00859522
best 3583 iteration 36 seconds 0.00868247
best 3576 iteration 37 seconds 0.00878838
best 3567 iteration 38 seconds 0.00885693
best 3561 iteration 41 seconds 0.00926657
best 3559 iteration 43 seconds 0.00943893
best 3558 iteration 44 seconds 0.00952575
best 3557 iteration 45 seconds 0.00960545
best 3551 iteration 46 seconds 0.00966264
best 3543 iteration 47 seconds 0.0097415
best 3540 iteration 48 seconds 0.00981166
best 3533 iteration 49 seconds 0.00987012
best 3527 iteration 50 seconds 0.00996304
best 3524 iteration 51 seconds 0.0100514
best 3513 iteration 52 seconds 0.0101366
best 3503 iteration 53 seconds 0.0102036
best 3500 iteration 54 seconds 0.0103105
best 3497 iteration 55 seconds 0.0104123
best 3496 iteration 56 seconds 0.0105261
best 3494 iteration 59 seconds 0.0107669
best 3493 iteration 60 seconds 0.0108773
best 3490 iteration 62 seconds 0.0110508
best 3488 iteration 64 seconds 0.0112591
best 3487 iteration 65 seconds 0.011332
best 3486 iteration 66 seconds 0.0115523
best 3484 iteration 67 seconds 0.0116321
best 3483 iteration 68 seconds 0.0117349
best 3482 iteration 69 seconds 0.0117961
best 3481 iteration 72 seconds 0.0119509
best 3480 iteration 73 seconds 0.0120118
best 3479 iteration 74 seconds 0.0120925
best 3476 iteration 75 seconds 0.0121584
best 3475 iteration 76 seconds 0.0122164
best 3469 iteration 81 seconds 0.0126347
best 3468 iteration 82 seconds 0.0127158
best 3467 iteration 108 seconds 0.0149248
best 3466 iteration 109 seconds 0.0150144
best 3464 iteration 110 seconds 0.0151124
best 3461 iteration 111 seconds 0.0152417
best 3457 iteration 112 seconds 0.0153562
best 3454 iteration 113 seconds 0.0154413
best 3451 iteration 114 seconds 0.0156217
best 3449 iteration 115 seconds 0.0157159
best 3445 iteration 119 seconds 0.0161831
best 3443 iteration 120 seconds 0.0162745
best 3442 iteration 122 seconds 0.0164393
best 3441 iteration 123 seconds 0.0165706
best 3439 iteration 137 seconds 0.0174991
best 3434 iteration 146 seconds 0.0181551
best 3433 iteration 147 seconds 0.0182263
best 3431 iteration 148 seconds 0.0182599
best 3430 iteration 149 seconds 0.0182916
best 3428 iteration 150 seconds 0.0183707
best 3427 iteration 151 seconds 0.0184234
best 3426 iteration 153 seconds 0.0185627
best 3423 iteration 155 seconds 0.0187501
best 3421 iteration 156 seconds 0.0188878
best 3420 iteration 158 seconds 0.0190451
best 3416 iteration 160 seconds 0.019222
best 3414 iteration 161 seconds 0.0193158
best 3413 iteration 167 seconds 0.0205852
best 3411 iteration 168 seconds 0.0206644
best 3408 iteration 169 seconds 0.0207379
best 3407 iteration 170 seconds 0.0208086
best 3406 iteration 171 seconds 0.0208765
best 3405 iteration 174 seconds 0.0211466
best 3403 iteration 176 seconds 0.0213147
best 3401 iteration 178 seconds 0.0214451
best 3398 iteration 179 seconds 0.0215237
best 3397 iteration 180 seconds 0.0215863
best 3396 iteration 181 seconds 0.0216221
best 3394 iteration 182 seconds 0.0216779
best 3390 iteration 186 seconds 0.0218531
best 3389 iteration 190 seconds 0.0222083
best 3387 iteration 191 seconds 0.0222645
best 3386 iteration 192 seconds 0.0223237
best 3385 iteration 193 seconds 0.0224249
best 3384 iteration 196 seconds 0.0227991
best 3382 iteration 199 seconds 0.0232278
best 3381 iteration 200 seconds 0.0232954
best 3380 iteration 201 seconds 0.0233552
best 3379 iteration 202 seconds 0.0234208
best 3378 iteration 203 seconds 0.0235129
best 3377 iteration 211 seconds 0.0239542
best 3374 iteration 213 seconds 0.0240651
best 3372 iteration 216 seconds 0.0242593
best 3370 iteration 217 seconds 0.0243264
best 3369 iteration 221 seconds 0.0247056
best 3368 iteration 229 seconds 0.0252297
best 3366 iteration 230 seconds 0.0253393
best 3365 iteration 239 seconds 0.0260504
best 3364 iteration 240 seconds 0.0261157
best 3363 iteration 241 seconds 0.0261888
best 3361 iteration 242 seconds 0.0262333
best 3360 iteration 245 seconds 0.0265067
best 3359 iteration 248 seconds 0.0267489
best 3357 iteration 254 seconds 0.0272558
best 3355 iteration 259 seconds 0.0279234
best 3353 iteration 268 seconds 0.0284226
best 3351 iteration 269 seconds 0.028502
best 3349 iteration 272 seconds 0.0287224
best 3348 iteration 274 seconds 0.0288643
best 3345 iteration 276 seconds 0.0290476
best 3344 iteration 282 seconds 0.0294063
best 3343 iteration 285 seconds 0.0296062
best 3339 iteration 287 seconds 0.0297569
best 3337 iteration 289 seconds 0.0298937
best 3335 iteration 291 seconds 0.0300408
best 3334 iteration 292 seconds 0.0300955
best 3332 iteration 293 seconds 0.0301833
best 3331 iteration 295 seconds 0.0303277
best 3330 iteration 297 seconds 0.0304946
best 3327 iteration 298 seconds 0.0305272
best 3326 iteration 300 seconds 0.0307031
best 3324 iteration 323 seconds 0.0322098
best 3323 iteration 324 seconds 0.0322728
best 3322 iteration 336 seconds 0.0330752
best 3321 iteration 337 seconds 0.033162
best 3320 iteration 338 seconds 0.0332706
best 3319 iteration 340 seconds 0.0334391
best 3317 iteration 341 seconds 0.0335345
best 3316 iteration 352 seconds 0.0343635
best 3315 iteration 355 seconds 0.0345563
best 3314 iteration 356 seconds 0.0346071
best 3312 iteration 358 seconds 0.0347363
best 3311 iteration 359 seconds 0.0348078
best 3310 iteration 363 seconds 0.0351548
best 3309 iteration 364 seconds 0.0352081
best 3308 iteration 367 seconds 0.0354261
best 3306 iteration 368 seconds 0.0355131
best 3305 iteration 369 seconds 0.0355989
best 3304 iteration 370 seconds 0.0356632
best 3303 iteration 372 seconds 0.0358116
best 3302 iteration 374 seconds 0.0359376
best 3301 iteration 375 seconds 0.0360309
best 3295 iteration 378 seconds 0.0363523
best 3294 iteration 381 seconds 0.0366321
best 3293 iteration 382 seconds 0.0367259
best 3292 iteration 383 seconds 0.0368194
best 3291 iteration 387 seconds 0.0370396
best 3290 iteration 389 seconds 0.0371417
best 3289 iteration 390 seconds 0.0371959
best 3288 iteration 391 seconds 0.0372744
best 3287 iteration 392 seconds 0.0373669
best 3283 iteration 393 seconds 0.0374408
best 3282 iteration 394 seconds 0.0375221
best 3280 iteration 402 seconds 0.0378813
best 3279 iteration 404 seconds 0.0382995
best 3278 iteration 414 seconds 0.0393266
best 3277 iteration 497 seconds 0.0454005
best 3275 iteration 500 seconds 0.0457365
best 3274 iteration 502 seconds 0.0458575
best 3273 iteration 521 seconds 0.0474914
best 3271 iteration 522 seconds 0.0475617
best 3268 iteration 523 seconds 0.0476045
best 3267 iteration 1870 seconds 0.154837
best 3266 iteration 1872 seconds 0.154919
best 3262 iteration 1905 seconds 0.156707
best 3260 iteration 1908 seconds 0.156903
best 3259 iteration 1911 seconds 0.157088
best 3253 iteration 1924 seconds 0.157968
best 3252 iteration 1925 seconds 0.15804
best 3251 iteration 1926 seconds 0.158132
best 3250 iteration 1930 seconds 0.158459
best 3248 iteration 1931 seconds 0.158518
best 3247 iteration 1932 seconds 0.158609
best 3245 iteration 1934 seconds 0.15881
best 3243 iteration 1935 seconds 0.158892
best 3240 iteration 1938 seconds 0.159208
best 3238 iteration 1964 seconds 0.161389
best 3237 iteration 1965 seconds 0.161453
best 3236 iteration 1969 seconds 0.161659
best 3233 iteration 1970 seconds 0.16174
best 3232 iteration 1971 seconds 0.161851
best 3231 iteration 1974 seconds 0.162088
best 3228 iteration 2014 seconds 0.165162
best 3227 iteration 2016 seconds 0.165402
best 3226 iteration 2017 seconds 0.165488
best 3223 iteration 2915 seconds 0.229262
best 3221 iteration 2917 seconds 0.22972
best 3220 iteration 2921 seconds 0.230117
best 3219 iteration 2922 seconds 0.230188
best 3215 iteration 3021 seconds 0.237253
best 3214 iteration 3043 seconds 0.238885
best 3212 iteration 3054 seconds 0.239679
best 3211 iteration 3094 seconds 0.242289
best 3209 iteration 3095 seconds 0.242386
best 3206 iteration 3103 seconds 0.242761
best 3204 iteration 3104 seconds 0.242844
best 3203 iteration 3105 seconds 0.242906
best 3202 iteration 3106 seconds 0.242938
best 3199 iteration 3107 seconds 0.242971
best 3198 iteration 3108 seconds 0.243004
best 3197 iteration 3196 seconds 0.248614
best 3195 iteration 3199 seconds 0.248976
best 3194 iteration 3204 seconds 0.249221
best 3192 iteration 3206 seconds 0.249377
best 3191 iteration 3210 seconds 0.249658
best 3190 iteration 3219 seconds 0.25004
best 3187 iteration 3221 seconds 0.250197
best 3185 iteration 3222 seconds 0.250256
best 3184 iteration 3227 seconds 0.250749
best 3183 iteration 3232 seconds 0.250989
best 3179 iteration 3242 seconds 0.251957
best 3178 iteration 3243 seconds 0.252061
best 3177 iteration 3393 seconds 0.262033
best 3173 iteration 3394 seconds 0.26207
best 3172 iteration 3395 seconds 0.262102
best 3171 iteration 3396 seconds 0.262137
best 3169 iteration 3399 seconds 0.262382
best 3168 iteration 3409 seconds 0.263102
best 3166 iteration 3411 seconds 0.263319
best 3165 iteration 3412 seconds 0.263368
best 3164 iteration 3414 seconds 0.263581
best 3163 iteration 3418 seconds 0.263844
best 3162 iteration 3419 seconds 0.26392
best 3161 iteration 3420 seconds 0.263964
best 3159 iteration 3481 seconds 0.268598
best 3158 iteration 3482 seconds 0.268687
best 3157 iteration 3574 seconds 0.275425
best 3156 iteration 3649 seconds 0.2798
best 3155 iteration 3654 seconds 0.280043
best 3154 iteration 3656 seconds 0.280312
best 3153 iteration 3660 seconds 0.280853
best 3152 iteration 3669 seconds 0.281738
best 3151 iteration 3670 seconds 0.281805
best 3150 iteration 3676 seconds 0.282136
best 3148 iteration 3746 seconds 0.286563
best 3146 iteration 3750 seconds 0.287065
best 3145 iteration 3755 seconds 0.287431
best 3143 iteration 3756 seconds 0.287553
best 3140 iteration 4201 seconds 0.314228
best 3139 iteration 4202 seconds 0.314285
best 3138 iteration 4226 seconds 0.315777
best 3137 iteration 4416 seconds 0.329359
best 3135 iteration 4440 seconds 0.331245
best 3133 iteration 4441 seconds 0.331288
best 3131 iteration 4444 seconds 0.331481
best 3130 iteration 4445 seconds 0.331535
best 3129 iteration 4450 seconds 0.331817
best 3127 iteration 4454 seconds 0.332016
best 3126 iteration 4486 seconds 0.333787
best 3125 iteration 4493 seconds 0.334129
best 3124 iteration 4500 seconds 0.334553
best 3123 iteration 4530 seconds 0.335944
best 3122 iteration 14645 seconds 1.10811
best 3120 iteration 14660 seconds 1.10906
best 3117 iteration 14729 seconds 1.11407
best 3116 iteration 14733 seconds 1.11432
best 3115 iteration 14736 seconds 1.11452
best 3114 iteration 14737 seconds 1.11455
best 3113 iteration 14741 seconds 1.1148
best 3112 iteration 14742 seconds 1.11491
best 3111 iteration 14754 seconds 1.11579
best 3110 iteration 14755 seconds 1.11583
best 3108 iteration 14784 seconds 1.1179
best 3107 iteration 15062 seconds 1.13776
best 3106 iteration 15063 seconds 1.13783
best 3105 iteration 15064 seconds 1.1379
best 3103 iteration 15471 seconds 1.17285
best 3102 iteration 15472 seconds 1.17291
best 3100 iteration 15546 seconds 1.17792
best 3098 iteration 15592 seconds 1.18069
best 3095 iteration 15598 seconds 1.1813
best 3094 iteration 15604 seconds 1.18173
best 3089 iteration 15605 seconds 1.18179
best 3088 iteration 15646 seconds 1.18502
best 3087 iteration 15648 seconds 1.18513
best 3086 iteration 15712 seconds 1.19083
best 3085 iteration 15715 seconds 1.19106
best 3084 iteration 15716 seconds 1.19111
best 3083 iteration 15723 seconds 1.19186
best 3082 iteration 15724 seconds 1.19194
best 3079 iteration 15731 seconds 1.19241
best 3078 iteration 15790 seconds 1.19588
best 3077 iteration 15792 seconds 1.19601
best 3076 iteration 15797 seconds 1.19638
best 3075 iteration 15798 seconds 1.19642
best 3074 iteration 15799 seconds 1.19648
best 3072 iteration 15801 seconds 1.19662
best 3070 iteration 15917 seconds 1.20665
best 3069 iteration 15922 seconds 1.20718
best 3068 iteration 15953 seconds 1.21005
best 3067 iteration 15954 seconds 1.21013
best 3066 iteration 15993 seconds 1.21376
best 3065 iteration 16026 seconds 1.21689
best 3064 iteration 16027 seconds 1.21696
best 3063 iteration 16028 seconds 1.21701
best 3062 iteration 16030 seconds 1.21711
best 3061 iteration 16037 seconds 1.21776
best 3060 iteration 16038 seconds 1.21781
best 3059 iteration 16082 seconds 1.22154
best 3058 iteration 16174 seconds 1.22889
best 3057 iteration 16181 seconds 1.22933
best 3056 iteration 16184 seconds 1.22969
best 3055 iteration 16193 seconds 1.23049
best 3054 iteration 16195 seconds 1.23077
best 3053 iteration 16198 seconds 1.23134
best 3052 iteration 16205 seconds 1.23206
best 3051 iteration 16206 seconds 1.23212
