initial 3711
best 3649 iteration 1 seconds 0.00410174
best 3647 iteration 2 seconds 0.00645575
best 3636 iteration 3 seconds 0.00936002
best 3633 iteration 4 seconds 0.0105327
best 3628 iteration 5 seconds 0.0123923
best 3618 iteration 6 seconds 0.0135821
best 3603 iteration 7 seconds 0.0156845
best 3600 iteration 9 seconds 0.0205168
best 3589 iteration 10 seconds 0.021876
best 3580 iteration 11 seconds 0.0235318
best 3575 iteration 12 seconds 0.0246348
best 3573 iteration 13 seconds 0.0262179
best 3565 iteration 14 seconds 0.0274885
best 3564 iteration 15 seconds 0.0287294
best 3563 iteration 16 seconds 0.0298821
best 3561 iteration 17 seconds 0.0309444
best 3559 iteration 18 seconds 0.0321158
best 3552 iteration 19 seconds 0.0331693
best 3547 iteration 20 seconds 0.0346486
best 3545 iteration 21 seconds 0.0362577
best 3538 iteration 24 seconds 0.0440584
best 3533 iteration 25 seconds 0.0452146
best 3529 iteration 26 seconds 0.0463705
best 3527 iteration 27 seconds 0.0477611
best 3522 iteration 28 seconds 0.0492366
best 3520 iteration 29 seconds 0.0509467
best 3517 iteration 30 seconds 0.0521262
best 3516 iteration 31 seconds 0.0534293
best 3515 iteration 33 seconds 0.0568991
best 3514 iteration 34 seconds 0.0579987
best 3513 iteration 35 seconds 0.0592345
best 3512 iteration 39 seconds 0.0686834
best 3511 iteration 42 seconds 0.0749264
best 3510 iteration 45 seconds 0.0818254
best 3509 iteration 47 seconds 0.0844468
best 3508 iteration 48 seconds 0.0856333
best 3505 iteration 49 seconds 0.0867428
best 3504 iteration 51 seconds 0.0899389
best 3503 iteration 52 seconds 0.0912763
best 3498 iteration 54 seconds 0.0948898
best 3497 iteration 57 seconds 0.100342
best 3494 iteration 58 seconds 0.10144
best 3492 iteration 59 seconds 0.102488
best 3490 iteration 60 seconds 0.103615
best 3489 iteration 61 seconds 0.104733
best 3480 iteration 62 seconds 0.105799
best 3475 iteration 63 seconds 0.107529
best 3474 iteration 64 seconds 0.108752
best 3473 iteration 67 seconds 0.113962
best 3472 iteration 68 seconds 0.116325
best 3471 iteration 69 seconds 0.117539
best 3469 iteration 70 seconds 0.118798
best 3467 iteration 71 seconds 0.120103
best 3466 iteration 72 seconds 0.121208
best 3465 iteration 75 seconds 0.126552
best 3464 iteration 76 seconds 0.127802
best 3463 iteration 80 seconds 0.136665
best 3462 iteration 82 seconds 0.139694
best 3461 iteration 87 seconds 0.150973
best 3460 iteration 88 seconds 0.152064
best 3459 iteration 89 seconds 0.153169
best 3455 iteration 90 seconds 0.15534
best 3454 iteration 5187 seconds 5.89219
best 3453 iteration 5188 seconds 5.89367
best 3452 iteration 5189 seconds 5.89489
best 3451 iteration 5192 seconds 5.90207
best 3450 iteration 5193 seconds 5.90328
best 3448 iteration 7780 seconds 8.50804
best 3447 iteration 7781 seconds 8.50976
best 3444 iteration 7782 seconds 8.51097
best 3443 iteration 7783 seconds 8.51294
best 3442 iteration 7784 seconds 8.51417
best 3440 iteration 7785 seconds 8.51613
best 3438 iteration 7786 seconds 8.51724
best 3437 iteration 7787 seconds 8.51889
best 3435 iteration 7788 seconds 8.52012
best 3433 iteration 7789 seconds 8.52129
best 3432 iteration 7791 seconds 8.52432
best 3421 iteration 7792 seconds 8.52573
best 3414 iteration 7793 seconds 8.52687
best 3413 iteration 7795 seconds 8.53209
best 3408 iteration 7796 seconds 8.5336
best 3403 iteration 7797 seconds 8.53487
best 3402 iteration 7798 seconds 8.53592
best 3397 iteration 7801 seconds 8.54325
best 3396 iteration 7802 seconds 8.54452
best 3393 iteration 7803 seconds 8.54613
best 3392 iteration 7804 seconds 8.54748
best 3390 iteration 7805 seconds 8.54883
best 3387 iteration 7806 seconds 8.5505
best 3383 iteration 7809 seconds 8.55618
best 3381 iteration 7810 seconds 8.55727
best 3380 iteration 7812 seconds 8.56116
best 3379 iteration 7813 seconds 8.56296
best 3378 iteration 7816 seconds 8.56944
best 3377 iteration 7817 seconds 8.57064
best 3376 iteration 7818 seconds 8.57184
best 3375 iteration 7819 seconds 8.57297
best 3374 iteration 7821 seconds 8.57642
best 3373 iteration 7822 seconds 8.57801
best 3371 iteration 7823 seconds 8.57923
best 3369 iteration 7824 seconds 8.58057
best 3368 iteration 7826 seconds 8.58411
best 3367 iteration 7829 seconds 8.59066
best 3366 iteration 7833 seconds 8.59785
best 3365 iteration 7836 seconds 8.60397
best 3363 iteration 7840 seconds 8.61485
best 3360 iteration 7841 seconds 8.61697
best 3359 iteration 8163 seconds 8.9493
best 3358 iteration 8164 seconds 8.95139
best 3357 iteration 8166 seconds 8.9562
best 3356 iteration 8169 seconds 8.96257
best 3355 iteration 8170 seconds 8.96348
best 3354 iteration 8171 seconds 8.96505
best 3352 iteration 8172 seconds 8.96616
best 3351 iteration 8173 seconds 8.96727
best 3346 iteration 8176 seconds 8.97186
best 3345 iteration 8179 seconds 8.97622
best 3344 iteration 10829 seconds 11.9431
best 3343 iteration 10831 seconds 11.9483
best 3342 iteration 10832 seconds 11.9494
best 3340 iteration 10833 seconds 11.9504
best 3339 iteration 10834 seconds 11.9514
best 3337 iteration 10835 seconds 11.9533
best 3336 iteration 10838 seconds 11.9584
best 3335 iteration 38854 seconds 42.829
best 3333 iteration 56517 seconds 64.6868
best 3332 iteration 56524 seconds 64.703
best 3331 iteration 56641 seconds 64.8218
best 3328 iteration 56642 seconds 64.823
best 3327 iteration 56644 seconds 64.8275
best 3326 iteration 56646 seconds 64.8308
best 3325 iteration 56647 seconds 64.8328
best 3324 iteration 56649 seconds 64.8349
best 3322 iteration 99345 seconds 112.499
best 3321 iteration 100195 seconds 113.451
best 3319 iteration 100200 seconds 113.463
best 3318 iteration 100202 seconds 113.466
best 3317 iteration 100203 seconds 113.467
best 3316 iteration 100205 seconds 113.471
best 3314 iteration 100206 seconds 113.472
best 3312 iteration 100211 seconds 113.479
